// Jest Snapshot v1, https://goo.gl/fbAQLP

exports[`Users list renders correctly with 2 users 1`] = `
<div
  className="row"
>
  <div
    className="col-12 col-md-6"
  >
    <ul
      className="list-group"
    >
      <li
        className="list-group-item text-left"
      >
        <div
          className="media"
        >
          <img
            className="mr-3"
            src="avatar_url"
            width="64"
          />
          <div
            className="media-body mb-2 mt-2"
          >
            <h5
              className="mt-0"
            >
              login
            </h5>
          </div>
          <a
            className="btn btn-info"
            href="#/user/login"
          >
            See details
          </a>
        </div>
      </li>
    </ul>
  </div>
  <div
    className="col-12 col-md-6"
  >
    <ul
      className="list-group"
    >
      <li
        className="list-group-item text-left"
      >
        <div
          className="media"
        >
          <img
            className="mr-3"
            src="avatar_url2"
            width="64"
          />
          <div
            className="media-body mb-2 mt-2"
          >
            <h5
              className="mt-0"
            >
              login2
            </h5>
          </div>
          <a
            className="btn btn-info"
            href="#/user/login2"
          >
            See details
          </a>
        </div>
      </li>
    </ul>
  </div>
</div>
`;
